------- FILE man_scroll.asm LEVEL 1 PASS 1
      1  0000 ????
      2  0000 ????						; ── OS constants ──────────────────────────────────────────────────────────────
      3  0000 ????	       02 2f	   SDMCTL     =	$022F
      4  0000 ????	       02 30	   DLISTL     =	$0230
      5  0000 ????	       02 31	   DLISTH     =	$0231
      6  0000 ????	       02 c4	   COLOR0     =	$02C4
      7  0000 ????	       02 c5	   COLOR1     =	$02C5
      8  0000 ????	       02 c6	   COLOR2     =	$02C6
      9  0000 ????	       02 c7	   COLOR3     =	$02C7
     10  0000 ????	       02 c8	   COLOR4     =	$02C8
     11  0000 ????	       00 14	   RTCLOK60   =	$0014	; 3rd byte of RTCLOCK (increments at 60Hz)
     12  0000 ????	       00 0a	   DOSVEC     =	$000A
     13  0000 ????
     14  0000 ????						; ── Screen RAM ────────────────────────────────────────────────────────────────
     15  0000 ????						; SCRN_LO    = $4010	; rows	 0-101	(102 x 40 = 4080 bytes, ends $4FFF)
     16  0000 ????						; SCRN_HI    = $5000	; rows 102-191	( 90 x 40 = 3600 bytes, ends $5E0F)
     17  0000 ????						; SCRN_SPLIT = 102	; first row stored in SCRN_HI
     18  0000 ????
     19  0000 ????	       4f ff	   SCRN_LO    =	$4FFF	; reversed rows for scrolling down  0-101  (102 x 40 = 4080 bytes, beginning $4010)
     20  0000 ????	       5e 0f	   SCRN_HI    =	$5E0F	; reversed rows 102-191  ( 90 x 40 = 3600 bytes, ends $5000)
     21  0000 ????	       00 66	   SCRN_SPLIT =	102	; first row stored in SCRN_HI
     22  0000 ????
     23  0000 ????						; ── Sprite dimensions ─────────────────────────────────────────────────────────
     24  0000 ????	       00 18	   SPR_W      =	24	; bytes per row  (96 px / 4 px/byte)
     25  0000 ????	       00 78	   SPR_H      =	120	; rows
     26  0000 ????
     27  0000 ????						; Starting positions (byte-column, screen-row)
     28  0000 ????	       00 10	   MAN_X0     =	16	; right side: cols 16..39
     29  0000 ????	       00 00	   MAN_Y0     =	0	; top of screen
     30  0000 ????						; WOM_X0 = 0		; left side: cols 0..23
     31  0000 ????						; WOM_Y0 = 72		; bottom: rows 72..191
     32  0000 ????
     33  0000 ????						; Final positions (rings overlap at screen centre)
     34  0000 ????	       00 08	   FINAL_X    =	8
     35  0000 ????	       00 24	   FINAL_Y    =	36
     36  0000 ????
     37  0000 ????	       00 3c	   ANIM_FRAMES =	60
     38  0000 ????	       00 78	   HOLD_FRAMES =	120
     39  0000 ????
     40  00b0					      ORG	$B0
     41  00b0		       00	   MAN_X      .DS	1	; man X byte-column
     42  00b1		       00	   MAN_YL     .DS	1	; man Y row
     43  00b2		       00	   ACC_X      .DS	1	; X sub-step accumulator (0..59)
     44  00b3		       00	   ACC_Y      .DS	1	; Y sub-step accumulator (0..59)
     45  00b4		       00	   FRAME      .DS	1	; animation frame counter
     46  00b5		       00	   HOLD_CTR   .DS	1	; hold-phase counter
     47  00b6		       00 00	   ROWPTR     .DS	2	; scratch: current screen row address
     48  00b8		       00 00	   SPRPTR     .DS	2	; scratch: sprite data pointer
     49  00ba		       00	   END_ROW    .DS	1	; loop termination row (= start + SPR_H)
     50  00bb		       00	   SCR_COL    .DS	1	; scratch: screen byte-column for col/row ops
     51  00bc		       00	   STEP_X     .DS	1	; flag: 1 if X stepped this frame
     52  00bd		       00	   STEP_Y     .DS	1	; flag: 1 if Y stepped this frame
     53  00be
     54  2000					      ORG	$2000
     55  2000
     56  2000				   ANIM_MAIN
man_scroll.asm (57): error: Unknown Mnemonic 'LDA'.
     57  2000					      LDA	#$00
man_scroll.asm (58): error: Unknown Mnemonic 'STA'.
     58  2000					      STA	SDMCTL	; DMA off during setup
     59  2000
man_scroll.asm (60): error: Unknown Mnemonic 'lda'.
     60  2000					      lda	#<ANIM_DLIST
man_scroll.asm (61): error: Unknown Mnemonic 'sta'.
     61  2000					      sta	DLISTL
man_scroll.asm (62): error: Unknown Mnemonic 'lda'.
     62  2000					      lda	#>ANIM_DLIST
man_scroll.asm (63): error: Unknown Mnemonic 'sta'.
     63  2000					      sta	DLISTH
     64  2000
man_scroll.asm (65): error: Unknown Mnemonic 'LDA'.
     65  2000					      LDA	#$00
man_scroll.asm (66): error: Unknown Mnemonic 'STA'.
     66  2000					      STA	COLOR0
man_scroll.asm (67): error: Unknown Mnemonic 'STA'.
     67  2000					      STA	COLOR1
man_scroll.asm (68): error: Unknown Mnemonic 'STA'.
     68  2000					      STA	COLOR3
man_scroll.asm (69): error: Unknown Mnemonic 'STA'.
     69  2000					      STA	COLOR4
man_scroll.asm (70): error: Unknown Mnemonic 'LDA'.
     70  2000					      LDA	#$0F	; white
man_scroll.asm (71): error: Unknown Mnemonic 'STA'.
     71  2000					      STA	COLOR2
     72  2000
man_scroll.asm (73): error: Unknown Mnemonic 'JSR'.
     73  2000					      JSR	INIT_ROW_TABLE
     74  2000
     75  2000							; Clear and pre-draw with DMA off (no flicker)
man_scroll.asm (76): error: Unknown Mnemonic 'JSR'.
     76  2000					      JSR	CLEAR_SCREEN
     77  2000
     78  2000							; Draw the man
man_scroll.asm (79): error: Unknown Mnemonic 'LDA'.
     79  2000					      LDA	#$22
man_scroll.asm (80): error: Unknown Mnemonic 'STA'.
     80  2000					      STA	SDMCTL
     81  2000
     82  2000							; Man at (16, 0)
man_scroll.asm (83): error: Unknown Mnemonic 'LDA'.
     83  2000					      LDA	#MAN_X0
man_scroll.asm (84): error: Unknown Mnemonic 'STA'.
     84  2000					      STA	MAN_X
man_scroll.asm (85): error: Unknown Mnemonic 'STA'.
     85  2000					      STA	SCR_COL
man_scroll.asm (86): error: Unknown Mnemonic 'LDA'.
     86  2000					      LDA	#MAN_Y0
man_scroll.asm (87): error: Unknown Mnemonic 'STA'.
     87  2000					      STA	MAN_YL
man_scroll.asm (88): error: Unknown Mnemonic 'CLC'.
     88  2000					      CLC
man_scroll.asm (89): error: Unknown Mnemonic 'ADC'.
     89  2000					      ADC	#SPR_H
man_scroll.asm (90): error: Unknown Mnemonic 'STA'.
     90  2000					      STA	END_ROW
man_scroll.asm (91): error: Unknown Mnemonic 'LDA'.
     91  2000					      LDA	#<MAN_SPR
man_scroll.asm (92): error: Unknown Mnemonic 'STA'.
     92  2000					      STA	SPRPTR
man_scroll.asm (93): error: Unknown Mnemonic 'LDA'.
     93  2000					      LDA	#>MAN_SPR
man_scroll.asm (94): error: Unknown Mnemonic 'STA'.
     94  2000					      STA	SPRPTR+1
man_scroll.asm (95): error: Unknown Mnemonic 'LDX'.
     95  2000					      LDX	#MAN_Y0
man_scroll.asm (96): error: Unknown Mnemonic 'JSR'.
     96  2000					      JSR	DRAW_SPR_FULL
     97  2000
     98  2000
man_scroll.asm (99): error: Unknown Mnemonic 'ldx'.
     99  2000				   loop       ldx	#1	; number of VBLANKs to wait
man_scroll.asm (100): error: Unknown Mnemonic 'lda'.
    100  2000				   _start     lda	RTCLOK60	; check fastest moving RTCLOCK byte
man_scroll.asm (101): error: Unknown Mnemonic 'cmp'.
    101  2000				   _wait      cmp	RTCLOK60	; VBLANK will update this
man_scroll.asm (102): error: Unknown Mnemonic 'beq'.
    102  2000					      beq	_wait	; delay until VBLANK changes it
man_scroll.asm (103): error: Unknown Mnemonic 'dex'.
    103  2000					      dex		; delay for a number of VBLANKs
man_scroll.asm (104): error: Unknown Mnemonic 'bpl'.
    104  2000					      bpl	_start
    105  2000
    106  2000							; enough time has passed, scroll one line
man_scroll.asm (107): error: Unknown Mnemonic 'jsr'.
    107  2000					      jsr	coarse_scroll_down
    108  2000
    109  2000
    110  2000							; jmp loop
    111  2000
    112  2000							; move viewport one line down by pointing display list start address
    113  2000
    114  2000				   coarse_scroll_down
man_scroll.asm (115): error: Unknown Mnemonic 'clc'.
    115  2000					      clc
man_scroll.asm (116): error: Unknown Mnemonic 'lda'.
    116  2000					      lda	SCRN_LO_DL	; move display list start address down by 40 bytes (1 row)
man_scroll.asm (117): error: Unknown Mnemonic 'sbc'.
    117  2000					      sbc	#40
man_scroll.asm (118): error: Unknown Mnemonic 'sta'.
    118  2000					      sta	SCRN_LO_DL
man_scroll.asm (119): error: Unknown Mnemonic 'lda'.
    119  2000					      lda	SCRN_LO_DL+1
man_scroll.asm (120): error: Unknown Mnemonic 'sbc'.
    120  2000					      sbc	#0
man_scroll.asm (121): error: Unknown Mnemonic 'sta'.
    121  2000					      sta	SCRN_LO_DL+1
    122  2000
man_scroll.asm (123): error: Unknown Mnemonic 'lda'.
    123  2000					      lda	SCRN_HI_DL	; move display list secondary address down by 40 bytes (1 row)
man_scroll.asm (124): error: Unknown Mnemonic 'sbc'.
    124  2000					      sbc	#40
man_scroll.asm (125): error: Unknown Mnemonic 'sta'.
    125  2000					      sta	SCRN_HI_DL
man_scroll.asm (126): error: Unknown Mnemonic 'lda'.
    126  2000					      lda	SCRN_HI_DL+1
man_scroll.asm (127): error: Unknown Mnemonic 'sbc'.
    127  2000					      sbc	#0
man_scroll.asm (128): error: Unknown Mnemonic 'sta'.
    128  2000					      sta	SCRN_HI_DL+1
man_scroll.asm (129): error: Unknown Mnemonic 'rts'.
    129  2000					      rts
    130  2000
    131  2000							; ─── INIT_ROW_TABLE ───────────────────────────────────────────────────────────
    132  2000							; Builds ROW_TBL_LO and ROW_TBL_HI (192 entries each, stride 40)
    133  2000				   INIT_ROW_TABLE
man_scroll.asm (134): error: Unknown Mnemonic 'LDA'.
    134  2000					      LDA	#<SCRN_LO
man_scroll.asm (135): error: Unknown Mnemonic 'STA'.
    135  2000					      STA	ROWPTR
man_scroll.asm (136): error: Unknown Mnemonic 'LDA'.
    136  2000					      LDA	#>SCRN_LO
man_scroll.asm (137): error: Unknown Mnemonic 'STA'.
    137  2000					      STA	ROWPTR+1
man_scroll.asm (138): error: Unknown Mnemonic 'LDX'.
    138  2000					      LDX	#0
    139  2000				   @irt_a
man_scroll.asm (140): error: Unknown Mnemonic 'LDA'.
    140  2000					      LDA	ROWPTR
man_scroll.asm (141): error: Unknown Mnemonic 'STA'.
    141  2000					      STA	ROW_TBL_LO,X
man_scroll.asm (142): error: Unknown Mnemonic 'LDA'.
    142  2000					      LDA	ROWPTR+1
man_scroll.asm (143): error: Unknown Mnemonic 'STA'.
    143  2000					      STA	ROW_TBL_HI,X
man_scroll.asm (144): error: Unknown Mnemonic 'LDA'.
    144  2000					      LDA	ROWPTR
man_scroll.asm (145): error: Unknown Mnemonic 'CLC'.
    145  2000					      CLC
man_scroll.asm (146): error: Unknown Mnemonic 'ADC'.
    146  2000					      ADC	#40
man_scroll.asm (147): error: Unknown Mnemonic 'STA'.
    147  2000					      STA	ROWPTR
man_scroll.asm (148): error: Unknown Mnemonic 'BCC'.
    148  2000					      BCC	@irt_a_nc
man_scroll.asm (149): error: Unknown Mnemonic 'INC'.
    149  2000					      INC	ROWPTR+1
    150  2000				   @irt_a_nc
man_scroll.asm (151): error: Unknown Mnemonic 'INX'.
    151  2000					      INX
man_scroll.asm (152): error: Unknown Mnemonic 'CPX'.
    152  2000					      CPX	#SCRN_SPLIT
man_scroll.asm (153): error: Unknown Mnemonic 'BCC'.
    153  2000					      BCC	@irt_a
    154  2000
man_scroll.asm (155): error: Unknown Mnemonic 'LDA'.
    155  2000					      LDA	#<SCRN_HI
man_scroll.asm (156): error: Unknown Mnemonic 'STA'.
    156  2000					      STA	ROWPTR
man_scroll.asm (157): error: Unknown Mnemonic 'LDA'.
    157  2000					      LDA	#>SCRN_HI
man_scroll.asm (158): error: Unknown Mnemonic 'STA'.
    158  2000					      STA	ROWPTR+1
    159  2000				   @irt_b
man_scroll.asm (160): error: Unknown Mnemonic 'LDA'.
    160  2000					      LDA	ROWPTR
man_scroll.asm (161): error: Unknown Mnemonic 'STA'.
    161  2000					      STA	ROW_TBL_LO,X
man_scroll.asm (162): error: Unknown Mnemonic 'LDA'.
    162  2000					      LDA	ROWPTR+1
man_scroll.asm (163): error: Unknown Mnemonic 'STA'.
    163  2000					      STA	ROW_TBL_HI,X
man_scroll.asm (164): error: Unknown Mnemonic 'LDA'.
    164  2000					      LDA	ROWPTR
man_scroll.asm (165): error: Unknown Mnemonic 'CLC'.
    165  2000					      CLC
man_scroll.asm (166): error: Unknown Mnemonic 'ADC'.
    166  2000					      ADC	#40
man_scroll.asm (167): error: Unknown Mnemonic 'STA'.
    167  2000					      STA	ROWPTR
man_scroll.asm (168): error: Unknown Mnemonic 'BCC'.
    168  2000					      BCC	@irt_b_nc
man_scroll.asm (169): error: Unknown Mnemonic 'INC'.
    169  2000					      INC	ROWPTR+1
    170  2000				   @irt_b_nc
man_scroll.asm (171): error: Unknown Mnemonic 'INX'.
    171  2000					      INX
man_scroll.asm (172): error: Unknown Mnemonic 'CPX'.
    172  2000					      CPX	#192
man_scroll.asm (173): error: Unknown Mnemonic 'BCC'.
    173  2000					      BCC	@irt_b
man_scroll.asm (174): error: Unknown Mnemonic 'RTS'.
    174  2000					      RTS
    175  2000
    176  2000							; ─── CLEAR_SCREEN ─────────────────────────────────────────────────────────────
    177  2000							; Zeros all 192 rows of screen RAM using the row table.
    178  2000							; Requires INIT_ROW_TABLE to have been called first.
    179  2000				   CLEAR_SCREEN
man_scroll.asm (180): error: Unknown Mnemonic 'LDX'.
    180  2000					      LDX	#0
    181  2000				   @cs_row
man_scroll.asm (182): error: Unknown Mnemonic 'LDA'.
    182  2000					      LDA	ROW_TBL_LO,X
man_scroll.asm (183): error: Unknown Mnemonic 'STA'.
    183  2000					      STA	ROWPTR
man_scroll.asm (184): error: Unknown Mnemonic 'LDA'.
    184  2000					      LDA	ROW_TBL_HI,X
man_scroll.asm (185): error: Unknown Mnemonic 'STA'.
    185  2000					      STA	ROWPTR+1
man_scroll.asm (186): error: Unknown Mnemonic 'LDA'.
    186  2000					      LDA	#0
man_scroll.asm (187): error: Unknown Mnemonic 'LDY'.
    187  2000					      LDY	#39
    188  2000				   @cs_byte
man_scroll.asm (189): error: Unknown Mnemonic 'STA'.
    189  2000					      STA	(ROWPTR),Y
man_scroll.asm (190): error: Unknown Mnemonic 'DEY'.
    190  2000					      DEY
man_scroll.asm (191): error: Unknown Mnemonic 'BPL'.
    191  2000					      BPL	@cs_byte
man_scroll.asm (192): error: Unknown Mnemonic 'INX'.
    192  2000					      INX
man_scroll.asm (193): error: Unknown Mnemonic 'CPX'.
    193  2000					      CPX	#192
man_scroll.asm (194): error: Unknown Mnemonic 'BCC'.
    194  2000					      BCC	@cs_row
man_scroll.asm (195): error: Unknown Mnemonic 'RTS'.
    195  2000					      RTS
    196  2000
    197  2000							; ─── DRAW_SPR_FULL ────────────────────────────────────────────────────────────
    198  2000							; Draw full sprite: SPR_W bytes per row for SPR_H rows.
    199  2000							; Pre: SPRPTR = sprite data; SCR_COL = x byte-column; X = start screen row;
    200  2000							;	END_ROW = X + SPR_H
    201  2000							; Clobbers: A, X, Y, ROWPTR, SPRPTR
    202  2000				   DRAW_SPR_FULL
man_scroll.asm (203): error: Unknown Mnemonic 'LDA'.
    203  2000					      LDA	ROW_TBL_LO,X
man_scroll.asm (204): error: Unknown Mnemonic 'STA'.
    204  2000					      STA	ROWPTR
man_scroll.asm (205): error: Unknown Mnemonic 'LDA'.
    205  2000					      LDA	ROW_TBL_HI,X
man_scroll.asm (206): error: Unknown Mnemonic 'STA'.
    206  2000					      STA	ROWPTR+1
man_scroll.asm (207): error: Unknown Mnemonic 'LDA'.
    207  2000					      LDA	ROWPTR
man_scroll.asm (208): error: Unknown Mnemonic 'CLC'.
    208  2000					      CLC
man_scroll.asm (209): error: Unknown Mnemonic 'ADC'.
    209  2000					      ADC	SCR_COL
man_scroll.asm (210): error: Unknown Mnemonic 'STA'.
    210  2000					      STA	ROWPTR
man_scroll.asm (211): error: Unknown Mnemonic 'BCC'.
    211  2000					      BCC	@dsf1
man_scroll.asm (212): error: Unknown Mnemonic 'INC'.
    212  2000					      INC	ROWPTR+1
    213  2000				   @dsf1
man_scroll.asm (214): error: Unknown Mnemonic 'LDY'.
    214  2000					      LDY	#(SPR_W-1)
    215  2000				   @dsf2
man_scroll.asm (216): error: Unknown Mnemonic 'LDA'.
    216  2000					      LDA	(SPRPTR),Y
man_scroll.asm (217): error: Unknown Mnemonic 'STA'.
    217  2000					      STA	(ROWPTR),Y
man_scroll.asm (218): error: Unknown Mnemonic 'DEY'.
    218  2000					      DEY
man_scroll.asm (219): error: Unknown Mnemonic 'BPL'.
    219  2000					      BPL	@dsf2
    220  2000							; advance sprite pointer by SPR_W
man_scroll.asm (221): error: Unknown Mnemonic 'LDA'.
    221  2000					      LDA	SPRPTR
man_scroll.asm (222): error: Unknown Mnemonic 'CLC'.
    222  2000					      CLC
man_scroll.asm (223): error: Unknown Mnemonic 'ADC'.
    223  2000					      ADC	#SPR_W
man_scroll.asm (224): error: Unknown Mnemonic 'STA'.
    224  2000					      STA	SPRPTR
man_scroll.asm (225): error: Unknown Mnemonic 'BCC'.
    225  2000					      BCC	@dsf3
man_scroll.asm (226): error: Unknown Mnemonic 'INC'.
    226  2000					      INC	SPRPTR+1
    227  2000				   @dsf3
man_scroll.asm (228): error: Unknown Mnemonic 'INX'.
    228  2000					      INX
man_scroll.asm (229): error: Unknown Mnemonic 'CPX'.
    229  2000					      CPX	END_ROW
man_scroll.asm (230): error: Unknown Mnemonic 'BCC'.
    230  2000					      BCC	DRAW_SPR_FULL
man_scroll.asm (231): error: Unknown Mnemonic 'RTS'.
    231  2000					      RTS
    232  2000
    233  2300					      ORG	$2300
    234  2300							; Simple display list to be used as coarse scrolling comparison
    235  2300				   ANIM_DLIST
    236  2300		       70 70 70 	      .BYTE.b	$70,$70,$70	; 3x8=24 blank scan lines
    237  2303		       4e		      .BYTE.b	$4E	; mode E + LMS
    238  2304				   SCRN_LO_DL
    239  2304		       4f ff		      .WORD.w	SCRN_LO	; $4010 or $4FFF (ANTIC 4KB boundary)
man_scroll.asm (240): error: Unknown Mnemonic '.REPT'.
    240  2304					      .REPT	101
    241  2306		       0e		      .BYTE.b	$0E	; rows 1-101
man_scroll.asm (242): error: Unknown Mnemonic '.ENDR'.
    242  2306					      .ENDR
    243  2307		       4e		      .BYTE.b	$4E	; mode E + LMS
    244  2308				   SCRN_HI_DL
    245  2308		       5e 0f		      .WORD.w	SCRN_HI	; $5000 or $5E0F (ANTIC 4KB boundary)
man_scroll.asm (246): error: Unknown Mnemonic '.REPT'.
    246  2308					      .REPT	89
    247  230a		       0e		      .BYTE.b	$0E	; rows 103-191
man_scroll.asm (248): error: Unknown Mnemonic '.ENDR'.
    248  230a					      .ENDR
    249  230b		       41		      .BYTE.b	$41	; JVB
    250  230c		       23 00		      .WORD.w	ANIM_DLIST
    251  230e
    252  230e
    253  230e							; ─── Row address tables ───────────────────────────────────────────────────────
    254  2400					      ORG	$2400
    255  2400		       00 00 00 00*ROW_TBL_LO .DS	192	; lo byte of screen address for each row
    256  24c0					      ORG	$24C0
    257  24c0		       00 00 00 00*ROW_TBL_HI .DS	192	; hi byte
    258  2580
    259  2580							; ─── Sprite data ──────────────────────────────────────────────────────────────
    260  2580					      ORG	$2580
man_scroll.asm (261): error: Unknown Mnemonic 'icl'.
    261  2580					      icl	"graphics/sprite_data.asm"
    262  2580
    263  2580							; tell DOS where to run the program when loaded
    264  2580
    265  2580							; ─── Run address ──────────────────────────────────────────────────────────────
    266  02e0					      ORG	$02E0
man_scroll.asm (267): error: Origin Reverse-indexed.
Aborting assembly
